** Drc report for MI250X_8OAM_PCBWay_Chassis_Stub.kicad_pcb **
** Created on 2026-08-22T04:40:51+0000 **
** Report includes: Errors, Warnings, Exclusions **

** Found 38 DRC violations **
[silk_overlap]: Silkscreen overlap
    Rule: board setup constraints silk; warning
    @(43.4500 mm, 336.3000 mm): Rectangle of J_SB175 on F.Silkscreen
    @(30.0000 mm, 354.0000 mm): PCB text 'P48V STAR / Kelvin sense' on F.Silkscreen
[silk_overlap]: Silkscreen overlap
    Rule: board setup constraints silk; warning
    @(43.4500 mm, 336.3000 mm): Rectangle of J_SB175 on F.Silkscreen
    @(30.0000 mm, 360.0000 mm): Footprint text of J_SB175 (6325G1 + 2x 1382 — Kelvin sense — DO NOT ENERGIZE P48V)
[silk_overlap]: Silkscreen overlap
    Rule: board setup constraints silk; warning
    @(30.0000 mm, 354.0000 mm): Reference field of J_SB175
    @(30.0000 mm, 354.0000 mm): PCB text 'P48V STAR / Kelvin sense' on F.Silkscreen
[text_height]: Text height out of range (board setup constraints silk text height min height 0.8000 mm; actual 0.7000 mm)
    Rule: board setup constraints silk text height; warning
    @(458.0000 mm, 334.0000 mm): PCB text 'F_P12 0476002.MR 2A' on F.Silkscreen
[lib_footprint_mismatch]: Footprint 'Fuse_Littelfuse-NANO2-451_453' does not match copy in library 'footprints'.
    Local override; warning
    @(52.0500 mm, 169.5000 mm): Footprint F0
[lib_footprint_mismatch]: Footprint '218910-1115_candidate' does not match copy in library 'footprints'.
    Local override; warning
    @(71.5000 mm, 218.0000 mm): Footprint J4_Conn1
[lib_footprint_mismatch]: Footprint 'Fuse_Littelfuse-NANO2-451_453' does not match copy in library 'footprints'.
    Local override; warning
    @(458.0000 mm, 338.0000 mm): Footprint F_P12
[lib_footprint_mismatch]: Footprint 'Converter_DCDC_Murata_OKI-78SR_Vertical' does not match copy in library 'footprints'.
    Local override; warning
    @(440.0000 mm, 366.0000 mm): Footprint U_P3V3
[lib_footprint_mismatch]: Footprint 'Fuse_Littelfuse-NANO2-451_453' does not match copy in library 'footprints'.
    Local override; warning
    @(361.0500 mm, 336.0000 mm): Footprint F7
[lib_footprint_mismatch]: Footprint '218910-1115_candidate' does not match copy in library 'footprints'.
    Local override; warning
    @(380.5000 mm, 320.0000 mm): Footprint J7_Conn0
[lib_footprint_mismatch]: Footprint '218910-1115_candidate' does not match copy in library 'footprints'.
    Local override; warning
    @(380.5000 mm, 154.0000 mm): Footprint J3_Conn0
[lib_footprint_mismatch]: Footprint '218910-1115_candidate' does not match copy in library 'footprints'.
    Local override; warning
    @(277.5000 mm, 320.0000 mm): Footprint J6_Conn0
[lib_footprint_mismatch]: Footprint '218910-1115_candidate' does not match copy in library 'footprints'.
    Local override; warning
    @(174.5000 mm, 154.0000 mm): Footprint J1_Conn0
[lib_footprint_mismatch]: Footprint 'Fuse_Littelfuse-NANO2-451_453' does not match copy in library 'footprints'.
    Local override; warning
    @(361.0500 mm, 169.5000 mm): Footprint F3
[lib_footprint_mismatch]: Footprint '218910-1115_candidate' does not match copy in library 'footprints'.
    Local override; warning
    @(71.5000 mm, 154.0000 mm): Footprint J0_Conn0
[lib_footprint_mismatch]: Footprint '218910-1115_candidate' does not match copy in library 'footprints'.
    Local override; warning
    @(71.5000 mm, 320.0000 mm): Footprint J4_Conn0
[lib_footprint_mismatch]: Footprint 'Fuse_Littelfuse-NANO2-451_453' does not match copy in library 'footprints'.
    Local override; warning
    @(105.0000 mm, 336.0000 mm): Footprint F4
[lib_footprint_mismatch]: Footprint 'Converter_DCDC_TRACO_THL40-xxxxWI_THT' does not match copy in library 'footprints'.
    Local override; warning
    @(470.0000 mm, 348.0000 mm): Footprint U_P12V1
[lib_footprint_mismatch]: Footprint 'Fuse_Littelfuse-NANO2-451_453' does not match copy in library 'footprints'.
    Local override; warning
    @(155.0500 mm, 336.0000 mm): Footprint F5
[lib_footprint_mismatch]: Footprint 'Anderson_SB175_2pole' does not match copy in library 'footprints'.
    Local override; warning
    @(70.0000 mm, 354.0000 mm): Footprint J_SB175
[lib_footprint_mismatch]: Footprint '218910-1115_candidate' does not match copy in library 'footprints'.
    Local override; warning
    @(380.5000 mm, 218.0000 mm): Footprint J7_Conn1
[lib_footprint_mismatch]: Footprint 'Fuse_Littelfuse-NANO2-451_453' does not match copy in library 'footprints'.
    Local override; warning
    @(258.0500 mm, 169.5000 mm): Footprint F2
[lib_footprint_mismatch]: Footprint '218910-1115_candidate' does not match copy in library 'footprints'.
    Local override; warning
    @(71.5000 mm, 52.0000 mm): Footprint J0_Conn1
[lib_footprint_mismatch]: Footprint '218910-1115_candidate' does not match copy in library 'footprints'.
    Local override; warning
    @(174.5000 mm, 52.0000 mm): Footprint J1_Conn1
[lib_footprint_mismatch]: Footprint 'Fuse_Littelfuse-NANO2-451_453' does not match copy in library 'footprints'.
    Local override; warning
    @(155.0500 mm, 169.5000 mm): Footprint F1
[lib_footprint_mismatch]: Footprint '218910-1115_candidate' does not match copy in library 'footprints'.
    Local override; warning
    @(380.5000 mm, 52.0000 mm): Footprint J3_Conn1
[lib_footprint_mismatch]: Footprint '218910-1115_candidate' does not match copy in library 'footprints'.
    Local override; warning
    @(277.5000 mm, 218.0000 mm): Footprint J6_Conn1
[lib_footprint_mismatch]: Footprint 'Fuse_Littelfuse-NANO2-451_453' does not match copy in library 'footprints'.
    Local override; warning
    @(258.0500 mm, 336.0000 mm): Footprint F6
[lib_footprint_mismatch]: Footprint '218910-1115_candidate' does not match copy in library 'footprints'.
    Local override; warning
    @(277.5000 mm, 154.0000 mm): Footprint J2_Conn0
[lib_footprint_mismatch]: Footprint '218910-1115_candidate' does not match copy in library 'footprints'.
    Local override; warning
    @(174.5000 mm, 320.0000 mm): Footprint J5_Conn0
[lib_footprint_mismatch]: Footprint '218910-1115_candidate' does not match copy in library 'footprints'.
    Local override; warning
    @(174.5000 mm, 218.0000 mm): Footprint J5_Conn1
[lib_footprint_mismatch]: Footprint '218910-1115_candidate' does not match copy in library 'footprints'.
    Local override; warning
    @(277.5000 mm, 52.0000 mm): Footprint J2_Conn1
[silk_edge_clearance]: Silkscreen clipped by board edge
    Rule: board setup constraints silk; warning
    @(0.0000 mm, 0.0000 mm): Rectangle on Edge.Cuts
    @(448.0000 mm, 372.0000 mm): PCB text 'U_P3V3 OKI-78SR 3.3V 1.5A from P12V1' on F.Silkscreen
[isolated_copper]: Isolated copper fill
    Local override; warning
    @(16.5000 mm, 179.0000 mm): Zone [P12V1] on F.Cu, priority 31
[isolated_copper]: Isolated copper fill
    Local override; warning
    @(6.0000 mm, 8.0000 mm): Zone [P48V_STAR] on F.Cu, priority 11
[isolated_copper]: Isolated copper fill
    Local override; warning
    @(16.5000 mm, 183.5000 mm): Zone [P3V3] on F.Cu, priority 51
[isolated_copper]: Isolated copper fill
    Local override; warning
    @(16.5000 mm, 349.0000 mm): Zone [P12V1] on F.Cu, priority 32
[isolated_copper]: Isolated copper fill
    Local override; warning
    @(16.5000 mm, 353.5000 mm): Zone [P3V3] on F.Cu, priority 52

** Found 268 unconnected pads **
[unconnected_items]: Missing connection between items
    Local override; error
    @(45.8500 mm, 158.5000 mm): Pad J58 [GND] of J0_Conn0 on F.Cu
    @(44.9500 mm, 158.5000 mm): Pad J59 [GND] of J0_Conn0 on F.Cu
[unconnected_items]: Missing connection between items
    Local override; error
    @(45.8500 mm, 161.5000 mm): Pad L58 [GND] of J0_Conn0 on F.Cu
    @(44.9500 mm, 161.5000 mm): Pad L59 [GND] of J0_Conn0 on F.Cu
[unconnected_items]: Missing connection between items
    Local override; error
    @(45.8500 mm, 161.5000 mm): Pad L58 [GND] of J0_Conn0 on F.Cu
    @(2.0000 mm, 2.0000 mm): Zone [GND] on F.Cu, priority 0
[unconnected_items]: Missing connection between items
    Local override; error
    @(45.8500 mm, 324.5000 mm): Pad J58 [GND] of J4_Conn0 on F.Cu
    @(44.9500 mm, 324.5000 mm): Pad J59 [GND] of J4_Conn0 on F.Cu
[unconnected_items]: Missing connection between items
    Local override; error
    @(45.8500 mm, 324.5000 mm): Pad J58 [GND] of J4_Conn0 on F.Cu
    @(2.0000 mm, 2.0000 mm): Zone [GND] on F.Cu, priority 0
[unconnected_items]: Missing connection between items
    Local override; error
    @(45.8500 mm, 327.5000 mm): Pad L58 [GND] of J4_Conn0 on F.Cu
    @(44.9500 mm, 327.5000 mm): Pad L59 [GND] of J4_Conn0 on F.Cu
[unconnected_items]: Missing connection between items
    Local override; error
    @(2.0000 mm, 2.0000 mm): Zone [GND] on F.Cu, priority 0
    @(45.8500 mm, 158.5000 mm): Pad J58 [GND] of J0_Conn0 on F.Cu
[unconnected_items]: Missing connection between items
    Local override; error
    @(2.0000 mm, 2.0000 mm): Zone [GND] on F.Cu, priority 0
    @(45.8500 mm, 327.5000 mm): Pad L58 [GND] of J4_Conn0 on F.Cu
[unconnected_items]: Missing connection between items
    Local override; error
    @(147.9500 mm, 161.5000 mm): Pad L59 [GND] of J1_Conn0 on F.Cu
    @(148.8500 mm, 161.5000 mm): Pad L58 [GND] of J1_Conn0 on F.Cu
[unconnected_items]: Missing connection between items
    Local override; error
    @(148.8500 mm, 158.5000 mm): Pad J58 [GND] of J1_Conn0 on F.Cu
    @(147.9500 mm, 158.5000 mm): Pad J59 [GND] of J1_Conn0 on F.Cu
[unconnected_items]: Missing connection between items
    Local override; error
    @(148.8500 mm, 158.5000 mm): Pad J58 [GND] of J1_Conn0 on F.Cu
    @(2.0000 mm, 2.0000 mm): Zone [GND] on F.Cu, priority 0
[unconnected_items]: Missing connection between items
    Local override; error
    @(148.8500 mm, 324.5000 mm): Pad J58 [GND] of J5_Conn0 on F.Cu
    @(147.9500 mm, 324.5000 mm): Pad J59 [GND] of J5_Conn0 on F.Cu
[unconnected_items]: Missing connection between items
    Local override; error
    @(148.8500 mm, 327.5000 mm): Pad L58 [GND] of J5_Conn0 on F.Cu
    @(147.9500 mm, 327.5000 mm): Pad L59 [GND] of J5_Conn0 on F.Cu
[unconnected_items]: Missing connection between items
    Local override; error
    @(148.8500 mm, 327.5000 mm): Pad L58 [GND] of J5_Conn0 on F.Cu
    @(2.0000 mm, 2.0000 mm): Zone [GND] on F.Cu, priority 0
[unconnected_items]: Missing connection between items
    Local override; error
    @(2.0000 mm, 2.0000 mm): Zone [GND] on F.Cu, priority 0
    @(148.8500 mm, 161.5000 mm): Pad L58 [GND] of J1_Conn0 on F.Cu
[unconnected_items]: Missing connection between items
    Local override; error
    @(2.0000 mm, 2.0000 mm): Zone [GND] on F.Cu, priority 0
    @(148.8500 mm, 324.5000 mm): Pad J58 [GND] of J5_Conn0 on F.Cu
[unconnected_items]: Missing connection between items
    Local override; error
    @(250.9500 mm, 158.5000 mm): Pad J59 [GND] of J2_Conn0 on F.Cu
    @(251.8500 mm, 158.5000 mm): Pad J58 [GND] of J2_Conn0 on F.Cu
[unconnected_items]: Missing connection between items
    Local override; error
    @(250.9500 mm, 161.5000 mm): Pad L59 [GND] of J2_Conn0 on F.Cu
    @(251.8500 mm, 161.5000 mm): Pad L58 [GND] of J2_Conn0 on F.Cu
[unconnected_items]: Missing connection between items
    Local override; error
    @(251.8500 mm, 158.5000 mm): Pad J58 [GND] of J2_Conn0 on F.Cu
    @(2.0000 mm, 2.0000 mm): Zone [GND] on F.Cu, priority 0
[unconnected_items]: Missing connection between items
    Local override; error
    @(251.8500 mm, 161.5000 mm): Pad L58 [GND] of J2_Conn0 on F.Cu
    @(2.0000 mm, 2.0000 mm): Zone [GND] on F.Cu, priority 0
[unconnected_items]: Missing connection between items
    Local override; error
    @(251.8500 mm, 324.5000 mm): Pad J58 [GND] of J6_Conn0 on F.Cu
    @(250.9500 mm, 324.5000 mm): Pad J59 [GND] of J6_Conn0 on F.Cu
[unconnected_items]: Missing connection between items
    Local override; error
    @(251.8500 mm, 324.5000 mm): Pad J58 [GND] of J6_Conn0 on F.Cu
    @(2.0000 mm, 2.0000 mm): Zone [GND] on F.Cu, priority 0
[unconnected_items]: Missing connection between items
    Local override; error
    @(251.8500 mm, 327.5000 mm): Pad L58 [GND] of J6_Conn0 on F.Cu
    @(250.9500 mm, 327.5000 mm): Pad L59 [GND] of J6_Conn0 on F.Cu
[unconnected_items]: Missing connection between items
    Local override; error
    @(2.0000 mm, 2.0000 mm): Zone [GND] on F.Cu, priority 0
    @(251.8500 mm, 327.5000 mm): Pad L58 [GND] of J6_Conn0 on F.Cu
[unconnected_items]: Missing connection between items
    Local override; error
    @(353.9500 mm, 158.5000 mm): Pad J59 [GND] of J3_Conn0 on F.Cu
    @(354.8500 mm, 158.5000 mm): Pad J58 [GND] of J3_Conn0 on F.Cu
[unconnected_items]: Missing connection between items
    Local override; error
    @(353.9500 mm, 161.5000 mm): Pad L59 [GND] of J3_Conn0 on F.Cu
    @(354.8500 mm, 161.5000 mm): Pad L58 [GND] of J3_Conn0 on F.Cu
[unconnected_items]: Missing connection between items
    Local override; error
    @(354.8500 mm, 324.5000 mm): Pad J58 [GND] of J7_Conn0 on F.Cu
    @(353.9500 mm, 324.5000 mm): Pad J59 [GND] of J7_Conn0 on F.Cu
[unconnected_items]: Missing connection between items
    Local override; error
    @(354.8500 mm, 327.5000 mm): Pad L58 [GND] of J7_Conn0 on F.Cu
    @(353.9500 mm, 327.5000 mm): Pad L59 [GND] of J7_Conn0 on F.Cu
[unconnected_items]: Missing connection between items
    Local override; error
    @(354.8500 mm, 327.5000 mm): Pad L58 [GND] of J7_Conn0 on F.Cu
    @(2.0000 mm, 2.0000 mm): Zone [GND] on F.Cu, priority 0
[unconnected_items]: Missing connection between items
    Local override; error
    @(2.0000 mm, 2.0000 mm): Zone [GND] on F.Cu, priority 0
    @(354.8500 mm, 158.5000 mm): Pad J58 [GND] of J3_Conn0 on F.Cu
[unconnected_items]: Missing connection between items
    Local override; error
    @(2.0000 mm, 2.0000 mm): Zone [GND] on F.Cu, priority 0
    @(354.8500 mm, 161.5000 mm): Pad L58 [GND] of J3_Conn0 on F.Cu
[unconnected_items]: Missing connection between items
    Local override; error
    @(2.0000 mm, 2.0000 mm): Zone [GND] on F.Cu, priority 0
    @(354.8500 mm, 324.5000 mm): Pad J58 [GND] of J7_Conn0 on F.Cu
[unconnected_items]: Missing connection between items
    Local override; error
    @(38.4500 mm, 155.6000 mm): Zone [P48V] on F.Cu, priority 20
    @(52.4500 mm, 162.1000 mm): Zone [P48V] on F.Cu, priority 21
[unconnected_items]: Missing connection between items
    Local override; error
    @(349.4500 mm, 311.1000 mm): Zone [P12V1] on F.Cu, priority 47
    @(400.0000 mm, 349.0000 mm): Zone [P12V1] on F.Cu, priority 33
[unconnected_items]: Missing connection between items
    Local override; error
    @(400.0000 mm, 349.0000 mm): Zone [P12V1] on F.Cu, priority 33
    @(400.0000 mm, 349.0000 mm): Zone [P12V1] on F.Cu, priority 33
[unconnected_items]: Missing connection between items
    Local override; error
    @(39.8500 mm, 151.0000 mm): Pad D64 [P12V2] of J0_Conn0 on F.Cu
    @(41.1500 mm, 151.0000 mm): Pad D63 [P12V2] of J0_Conn0 on F.Cu
[unconnected_items]: Missing connection between items
    Local override; error
    @(39.8500 mm, 154.0000 mm): Pad F64 [P12V2] of J0_Conn0 on F.Cu
    @(41.1500 mm, 154.0000 mm): Pad F63 [P12V2] of J0_Conn0 on F.Cu
[unconnected_items]: Missing connection between items
    Local override; error
    @(39.8500 mm, 317.0000 mm): Pad D64 [P12V2] of J4_Conn0 on F.Cu
    @(40.0500 mm, 318.5000 mm): Pad E64 [P12V2] of J4_Conn0 on F.Cu
[unconnected_items]: Missing connection between items
    Local override; error
    @(39.8500 mm, 317.0000 mm): Pad D64 [P12V2] of J4_Conn0 on F.Cu
    @(40.0500 mm, 315.5000 mm): Pad C64 [P12V2] of J4_Conn0 on F.Cu
[unconnected_items]: Missing connection between items
    Local override; error
    @(39.8500 mm, 320.0000 mm): Pad F64 [P12V2] of J4_Conn0 on F.Cu
    @(41.1500 mm, 320.0000 mm): Pad F63 [P12V2] of J4_Conn0 on F.Cu
[unconnected_items]: Missing connection between items
    Local override; error
    @(40.0500 mm, 315.5000 mm): Pad C64 [P12V2] of J4_Conn0 on F.Cu
    @(40.9500 mm, 315.5000 mm): Pad C63 [P12V2] of J4_Conn0 on F.Cu
[unconnected_items]: Missing connection between items
    Local override; error
    @(40.0500 mm, 318.5000 mm): Pad E64 [P12V2] of J4_Conn0 on F.Cu
    @(40.9500 mm, 318.5000 mm): Pad E63 [P12V2] of J4_Conn0 on F.Cu
[unconnected_items]: Missing connection between items
    Local override; error
    @(40.9500 mm, 149.5000 mm): Pad C63 [P12V2] of J0_Conn0 on F.Cu
    @(41.8500 mm, 149.5000 mm): Pad C62 [P12V2] of J0_Conn0 on F.Cu
[unconnected_items]: Missing connection between items
    Local override; error
    @(40.9500 mm, 149.5000 mm): Pad C63 [P12V2] of J0_Conn0 on F.Cu
    @(40.0500 mm, 149.5000 mm): Pad C64 [P12V2] of J0_Conn0 on F.Cu
[unconnected_items]: Missing connection between items
    Local override; error
    @(40.9500 mm, 152.5000 mm): Pad E63 [P12V2] of J0_Conn0 on F.Cu
    @(40.0500 mm, 152.5000 mm): Pad E64 [P12V2] of J0_Conn0 on F.Cu
[unconnected_items]: Missing connection between items
    Local override; error
    @(40.9500 mm, 152.5000 mm): Pad E63 [P12V2] of J0_Conn0 on F.Cu
    @(41.8500 mm, 152.5000 mm): Pad E62 [P12V2] of J0_Conn0 on F.Cu
[unconnected_items]: Missing connection between items
    Local override; error
    @(40.9500 mm, 315.5000 mm): Pad C63 [P12V2] of J4_Conn0 on F.Cu
    @(41.8500 mm, 315.5000 mm): Pad C62 [P12V2] of J4_Conn0 on F.Cu
[unconnected_items]: Missing connection between items
    Local override; error
    @(40.9500 mm, 318.5000 mm): Pad E63 [P12V2] of J4_Conn0 on F.Cu
    @(41.8500 mm, 318.5000 mm): Pad E62 [P12V2] of J4_Conn0 on F.Cu
[unconnected_items]: Missing connection between items
    Local override; error
    @(41.1500 mm, 151.0000 mm): Pad D63 [P12V2] of J0_Conn0 on F.Cu
    @(42.0500 mm, 151.0000 mm): Pad D62 [P12V2] of J0_Conn0 on F.Cu
[unconnected_items]: Missing connection between items
    Local override; error
    @(41.1500 mm, 154.0000 mm): Pad F63 [P12V2] of J0_Conn0 on F.Cu
    @(42.0500 mm, 154.0000 mm): Pad F62 [P12V2] of J0_Conn0 on F.Cu
[unconnected_items]: Missing connection between items
    Local override; error
    @(41.1500 mm, 317.0000 mm): Pad D63 [P12V2] of J4_Conn0 on F.Cu
    @(39.8500 mm, 317.0000 mm): Pad D64 [P12V2] of J4_Conn0 on F.Cu
[unconnected_items]: Missing connection between items
    Local override; error
    @(41.1500 mm, 320.0000 mm): Pad F63 [P12V2] of J4_Conn0 on F.Cu
    @(42.0500 mm, 320.0000 mm): Pad F62 [P12V2] of J4_Conn0 on F.Cu
[unconnected_items]: Missing connection between items
    Local override; error
    @(41.8500 mm, 149.5000 mm): Pad C62 [P12V2] of J0_Conn0 on F.Cu
    @(43.1500 mm, 149.5000 mm): Pad C61 [P12V2] of J0_Conn0 on F.Cu
[unconnected_items]: Missing connection between items
    Local override; error
    @(41.8500 mm, 149.5000 mm): Pad C62 [P12V2] of J0_Conn0 on F.Cu
    @(42.0500 mm, 151.0000 mm): Pad D62 [P12V2] of J0_Conn0 on F.Cu
[unconnected_items]: Missing connection between items
    Local override; error
    @(41.8500 mm, 152.5000 mm): Pad E62 [P12V2] of J0_Conn0 on F.Cu
    @(43.1500 mm, 152.5000 mm): Pad E61 [P12V2] of J0_Conn0 on F.Cu
[unconnected_items]: Missing connection between items
    Local override; error
    @(41.8500 mm, 315.5000 mm): Pad C62 [P12V2] of J4_Conn0 on F.Cu
    @(43.1500 mm, 315.5000 mm): Pad C61 [P12V2] of J4_Conn0 on F.Cu
[unconnected_items]: Missing connection between items
    Local override; error
    @(41.8500 mm, 318.5000 mm): Pad E62 [P12V2] of J4_Conn0 on F.Cu
    @(43.1500 mm, 318.5000 mm): Pad E61 [P12V2] of J4_Conn0 on F.Cu
[unconnected_items]: Missing connection between items
    Local override; error
    @(42.0500 mm, 151.0000 mm): Pad D62 [P12V2] of J0_Conn0 on F.Cu
    @(41.8500 mm, 152.5000 mm): Pad E62 [P12V2] of J0_Conn0 on F.Cu
[unconnected_items]: Missing connection between items
    Local override; error
    @(42.0500 mm, 154.0000 mm): Pad F62 [P12V2] of J0_Conn0 on F.Cu
    @(42.9500 mm, 154.0000 mm): Pad F61 [P12V2] of J0_Conn0 on F.Cu
[unconnected_items]: Missing connection between items
    Local override; error
    @(42.0500 mm, 317.0000 mm): Pad D62 [P12V2] of J4_Conn0 on F.Cu
    @(42.9500 mm, 317.0000 mm): Pad D61 [P12V2] of J4_Conn0 on F.Cu
[unconnected_items]: Missing connection between items
    Local override; error
    @(42.0500 mm, 317.0000 mm): Pad D62 [P12V2] of J4_Conn0 on F.Cu
    @(41.1500 mm, 317.0000 mm): Pad D63 [P12V2] of J4_Conn0 on F.Cu
[unconnected_items]: Missing connection between items
    Local override; error
    @(42.0500 mm, 320.0000 mm): Pad F62 [P12V2] of J4_Conn0 on F.Cu
    @(42.9500 mm, 320.0000 mm): Pad F61 [P12V2] of J4_Conn0 on F.Cu
[unconnected_items]: Missing connection between items
    Local override; error
    @(42.9500 mm, 148.0000 mm): Pad B61 [P12V2] of J0_Conn0 on F.Cu
    @(43.1500 mm, 149.5000 mm): Pad C61 [P12V2] of J0_Conn0 on F.Cu
[unconnected_items]: Missing connection between items
    Local override; error
    @(42.9500 mm, 151.0000 mm): Pad D61 [P12V2] of J0_Conn0 on F.Cu
    @(43.8500 mm, 151.0000 mm): Pad D60 [P12V2] of J0_Conn0 on F.Cu
[unconnected_items]: Missing connection between items
    Local override; error
    @(42.9500 mm, 151.0000 mm): Pad D61 [P12V2] of J0_Conn0 on F.Cu
    @(42.0500 mm, 151.0000 mm): Pad D62 [P12V2] of J0_Conn0 on F.Cu
[unconnected_items]: Missing connection between items
    Local override; error
    @(42.9500 mm, 154.0000 mm): Pad F61 [P12V2] of J0_Conn0 on F.Cu
    @(43.8500 mm, 154.0000 mm): Pad F60 [P12V2] of J0_Conn0 on F.Cu
[unconnected_items]: Missing connection between items
    Local override; error
    @(42.9500 mm, 317.0000 mm): Pad D61 [P12V2] of J4_Conn0 on F.Cu
    @(43.8500 mm, 317.0000 mm): Pad D60 [P12V2] of J4_Conn0 on F.Cu
[unconnected_items]: Missing connection between items
    Local override; error
    @(42.9500 mm, 320.0000 mm): Pad F61 [P12V2] of J4_Conn0 on F.Cu
    @(43.8500 mm, 320.0000 mm): Pad F60 [P12V2] of J4_Conn0 on F.Cu
[unconnected_items]: Missing connection between items
    Local override; error
    @(43.1500 mm, 149.5000 mm): Pad C61 [P12V2] of J0_Conn0 on F.Cu
    @(44.0500 mm, 149.5000 mm): Pad C60 [P12V2] of J0_Conn0 on F.Cu
[unconnected_items]: Missing connection between items
    Local override; error
    @(43.1500 mm, 152.5000 mm): Pad E61 [P12V2] of J0_Conn0 on F.Cu
    @(44.0500 mm, 152.5000 mm): Pad E60 [P12V2] of J0_Conn0 on F.Cu
[unconnected_items]: Missing connection between items
    Local override; error
    @(43.1500 mm, 152.5000 mm): Pad E61 [P12V2] of J0_Conn0 on F.Cu
    @(42.9500 mm, 154.0000 mm): Pad F61 [P12V2] of J0_Conn0 on F.Cu
[unconnected_items]: Missing connection between items
    Local override; error
    @(43.1500 mm, 315.5000 mm): Pad C61 [P12V2] of J4_Conn0 on F.Cu
    @(42.9500 mm, 314.0000 mm): Pad B61 [P12V2] of J4_Conn0 on F.Cu
[unconnected_items]: Missing connection between items
    Local override; error
    @(43.1500 mm, 318.5000 mm): Pad E61 [P12V2] of J4_Conn0 on F.Cu
    @(42.9500 mm, 320.0000 mm): Pad F61 [P12V2] of J4_Conn0 on F.Cu
[unconnected_items]: Missing connection between items
    Local override; error
    @(43.8500 mm, 148.0000 mm): Pad B60 [P12V2] of J0_Conn0 on F.Cu
    @(42.9500 mm, 148.0000 mm): Pad B61 [P12V2] of J0_Conn0 on F.Cu
[unconnected_items]: Missing connection between items
    Local override; error
    @(43.8500 mm, 151.0000 mm): Pad D60 [P12V2] of J0_Conn0 on F.Cu
    @(45.1500 mm, 151.0000 mm): Pad D59 [P12V2] of J0_Conn0 on F.Cu
[unconnected_items]: Missing connection between items
    Local override; error
    @(43.8500 mm, 314.0000 mm): Pad B60 [P12V2] of J4_Conn0 on F.Cu
    @(42.9500 mm, 314.0000 mm): Pad B61 [P12V2] of J4_Conn0 on F.Cu
[unconnected_items]: Missing connection between items
    Local override; error
    @(43.8500 mm, 317.0000 mm): Pad D60 [P12V2] of J4_Conn0 on F.Cu
    @(45.1500 mm, 317.0000 mm): Pad D59 [P12V2] of J4_Conn0 on F.Cu
[unconnected_items]: Missing connection between items
    Local override; error
    @(43.8500 mm, 320.0000 mm): Pad F60 [P12V2] of J4_Conn0 on F.Cu
    @(45.1500 mm, 320.0000 mm): Pad F59 [P12V2] of J4_Conn0 on F.Cu
[unconnected_items]: Missing connection between items
    Local override; error
    @(44.0500 mm, 315.5000 mm): Pad C60 [P12V2] of J4_Conn0 on F.Cu
    @(43.1500 mm, 315.5000 mm): Pad C61 [P12V2] of J4_Conn0 on F.Cu
[unconnected_items]: Missing connection between items
    Local override; error
    @(44.0500 mm, 318.5000 mm): Pad E60 [P12V2] of J4_Conn0 on F.Cu
    @(44.9500 mm, 318.5000 mm): Pad E59 [P12V2] of J4_Conn0 on F.Cu
[unconnected_items]: Missing connection between items
    Local override; error
    @(44.0500 mm, 318.5000 mm): Pad E60 [P12V2] of J4_Conn0 on F.Cu
    @(43.1500 mm, 318.5000 mm): Pad E61 [P12V2] of J4_Conn0 on F.Cu
[unconnected_items]: Missing connection between items
    Local override; error
    @(44.9500 mm, 149.5000 mm): Pad C59 [P12V2] of J0_Conn0 on F.Cu
    @(44.0500 mm, 149.5000 mm): Pad C60 [P12V2] of J0_Conn0 on F.Cu
[unconnected_items]: Missing connection between items
    Local override; error
    @(44.9500 mm, 152.5000 mm): Pad E59 [P12V2] of J0_Conn0 on F.Cu
    @(44.0500 mm, 152.5000 mm): Pad E60 [P12V2] of J0_Conn0 on F.Cu
[unconnected_items]: Missing connection between items
    Local override; error
    @(44.9500 mm, 315.5000 mm): Pad C59 [P12V2] of J4_Conn0 on F.Cu
    @(44.0500 mm, 315.5000 mm): Pad C60 [P12V2] of J4_Conn0 on F.Cu
[unconnected_items]: Missing connection between items
    Local override; error
    @(45.1500 mm, 148.0000 mm): Pad B59 [P12V2] of J0_Conn0 on F.Cu
    @(43.8500 mm, 148.0000 mm): Pad B60 [P12V2] of J0_Conn0 on F.Cu
[unconnected_items]: Missing connection between items
    Local override; error
    @(45.1500 mm, 154.0000 mm): Pad F59 [P12V2] of J0_Conn0 on F.Cu
    @(43.8500 mm, 154.0000 mm): Pad F60 [P12V2] of J0_Conn0 on F.Cu
[unconnected_items]: Missing connection between items
    Local override; error
    @(45.1500 mm, 314.0000 mm): Pad B59 [P12V2] of J4_Conn0 on F.Cu
    @(43.8500 mm, 314.0000 mm): Pad B60 [P12V2] of J4_Conn0 on F.Cu
[unconnected_items]: Missing connection between items
    Local override; error
    @(45.1500 mm, 317.0000 mm): Pad D59 [P12V2] of J4_Conn0 on F.Cu
    @(142.8500 mm, 317.0000 mm): Pad D64 [P12V2] of J5_Conn0 on F.Cu
[unconnected_items]: Missing connection between items
    Local override; error
    @(142.8500 mm, 154.0000 mm): Pad F64 [P12V2] of J1_Conn0 on F.Cu
    @(144.1500 mm, 154.0000 mm): Pad F63 [P12V2] of J1_Conn0 on F.Cu
[unconnected_items]: Missing connection between items
    Local override; error
    @(142.8500 mm, 154.0000 mm): Pad F64 [P12V2] of J1_Conn0 on F.Cu
    @(143.0500 mm, 152.5000 mm): Pad E64 [P12V2] of J1_Conn0 on F.Cu
[unconnected_items]: Missing connection between items
    Local override; error
    @(142.8500 mm, 154.0000 mm): Pad F64 [P12V2] of J1_Conn0 on F.Cu
    @(45.1500 mm, 154.0000 mm): Pad F59 [P12V2] of J0_Conn0 on F.Cu
[unconnected_items]: Missing connection between items
    Local override; error
    @(142.8500 mm, 317.0000 mm): Pad D64 [P12V2] of J5_Conn0 on F.Cu
    @(144.1500 mm, 317.0000 mm): Pad D63 [P12V2] of J5_Conn0 on F.Cu
[unconnected_items]: Missing connection between items
    Local override; error
    @(142.8500 mm, 320.0000 mm): Pad F64 [P12V2] of J5_Conn0 on F.Cu
    @(144.1500 mm, 320.0000 mm): Pad F63 [P12V2] of J5_Conn0 on F.Cu
[unconnected_items]: Missing connection between items
    Local override; error
    @(143.0500 mm, 152.5000 mm): Pad E64 [P12V2] of J1_Conn0 on F.Cu
    @(143.9500 mm, 152.5000 mm): Pad E63 [P12V2] of J1_Conn0 on F.Cu
[unconnected_items]: Missing connection between items
    Local override; error
    @(143.0500 mm, 152.5000 mm): Pad E64 [P12V2] of J1_Conn0 on F.Cu
    @(142.8500 mm, 151.0000 mm): Pad D64 [P12V2] of J1_Conn0 on F.Cu
[unconnected_items]: Missing connection between items
    Local override; error
    @(143.0500 mm, 315.5000 mm): Pad C64 [P12V2] of J5_Conn0 on F.Cu
    @(143.9500 mm, 315.5000 mm): Pad C63 [P12V2] of J5_Conn0 on F.Cu
[unconnected_items]: Missing connection between items
    Local override; error
    @(143.0500 mm, 318.5000 mm): Pad E64 [P12V2] of J5_Conn0 on F.Cu
    @(142.8500 mm, 320.0000 mm): Pad F64 [P12V2] of J5_Conn0 on F.Cu
[unconnected_items]: Missing connection between items
    Local override; error
    @(143.9500 mm, 149.5000 mm): Pad C63 [P12V2] of J1_Conn0 on F.Cu
    @(144.8500 mm, 149.5000 mm): Pad C62 [P12V2] of J1_Conn0 on F.Cu
[unconnected_items]: Missing connection between items
    Local override; error
    @(143.9500 mm, 149.5000 mm): Pad C63 [P12V2] of J1_Conn0 on F.Cu
    @(143.0500 mm, 149.5000 mm): Pad C64 [P12V2] of J1_Conn0 on F.Cu
[unconnected_items]: Missing connection between items
    Local override; error
    @(143.9500 mm, 152.5000 mm): Pad E63 [P12V2] of J1_Conn0 on F.Cu
    @(144.8500 mm, 152.5000 mm): Pad E62 [P12V2] of J1_Conn0 on F.Cu
[unconnected_items]: Missing connection between items
    Local override; error
    @(143.9500 mm, 315.5000 mm): Pad C63 [P12V2] of J5_Conn0 on F.Cu
    @(144.8500 mm, 315.5000 mm): Pad C62 [P12V2] of J5_Conn0 on F.Cu
[unconnected_items]: Missing connection between items
    Local override; error
    @(143.9500 mm, 318.5000 mm): Pad E63 [P12V2] of J5_Conn0 on F.Cu
    @(143.0500 mm, 318.5000 mm): Pad E64 [P12V2] of J5_Conn0 on F.Cu
[unconnected_items]: Missing connection between items
    Local override; error
    @(144.1500 mm, 151.0000 mm): Pad D63 [P12V2] of J1_Conn0 on F.Cu
    @(145.0500 mm, 151.0000 mm): Pad D62 [P12V2] of J1_Conn0 on F.Cu
[unconnected_items]: Missing connection between items
    Local override; error
    @(144.1500 mm, 151.0000 mm): Pad D63 [P12V2] of J1_Conn0 on F.Cu
    @(142.8500 mm, 151.0000 mm): Pad D64 [P12V2] of J1_Conn0 on F.Cu
[unconnected_items]: Missing connection between items
    Local override; error
    @(144.1500 mm, 317.0000 mm): Pad D63 [P12V2] of J5_Conn0 on F.Cu
    @(145.0500 mm, 317.0000 mm): Pad D62 [P12V2] of J5_Conn0 on F.Cu
[unconnected_items]: Missing connection between items
    Local override; error
    @(144.1500 mm, 320.0000 mm): Pad F63 [P12V2] of J5_Conn0 on F.Cu
    @(145.0500 mm, 320.0000 mm): Pad F62 [P12V2] of J5_Conn0 on F.Cu
[unconnected_items]: Missing connection between items
    Local override; error
    @(144.8500 mm, 149.5000 mm): Pad C62 [P12V2] of J1_Conn0 on F.Cu
    @(146.1500 mm, 149.5000 mm): Pad C61 [P12V2] of J1_Conn0 on F.Cu
[unconnected_items]: Missing connection between items
    Local override; error
    @(144.8500 mm, 152.5000 mm): Pad E62 [P12V2] of J1_Conn0 on F.Cu
    @(146.1500 mm, 152.5000 mm): Pad E61 [P12V2] of J1_Conn0 on F.Cu
[unconnected_items]: Missing connection between items
    Local override; error
    @(144.8500 mm, 318.5000 mm): Pad E62 [P12V2] of J5_Conn0 on F.Cu
    @(143.9500 mm, 318.5000 mm): Pad E63 [P12V2] of J5_Conn0 on F.Cu
[unconnected_items]: Missing connection between items
    Local override; error
    @(145.0500 mm, 151.0000 mm): Pad D62 [P12V2] of J1_Conn0 on F.Cu
    @(145.9500 mm, 151.0000 mm): Pad D61 [P12V2] of J1_Conn0 on F.Cu
[unconnected_items]: Missing connection between items
    Local override; error
    @(145.0500 mm, 154.0000 mm): Pad F62 [P12V2] of J1_Conn0 on F.Cu
    @(144.1500 mm, 154.0000 mm): Pad F63 [P12V2] of J1_Conn0 on F.Cu
[unconnected_items]: Missing connection between items
    Local override; error
    @(145.0500 mm, 317.0000 mm): Pad D62 [P12V2] of J5_Conn0 on F.Cu
    @(144.8500 mm, 315.5000 mm): Pad C62 [P12V2] of J5_Conn0 on F.Cu
[unconnected_items]: Missing connection between items
    Local override; error
    @(145.0500 mm, 320.0000 mm): Pad F62 [P12V2] of J5_Conn0 on F.Cu
    @(145.9500 mm, 320.0000 mm): Pad F61 [P12V2] of J5_Conn0 on F.Cu
[unconnected_items]: Missing connection between items
    Local override; error
    @(145.9500 mm, 151.0000 mm): Pad D61 [P12V2] of J1_Conn0 on F.Cu
    @(146.8500 mm, 151.0000 mm): Pad D60 [P12V2] of J1_Conn0 on F.Cu
[unconnected_items]: Missing connection between items
    Local override; error
    @(145.9500 mm, 154.0000 mm): Pad F61 [P12V2] of J1_Conn0 on F.Cu
    @(145.0500 mm, 154.0000 mm): Pad F62 [P12V2] of J1_Conn0 on F.Cu
[unconnected_items]: Missing connection between items
    Local override; error
    @(145.9500 mm, 314.0000 mm): Pad B61 [P12V2] of J5_Conn0 on F.Cu
    @(145.9500 mm, 154.0000 mm): Pad F61 [P12V2] of J1_Conn0 on F.Cu
[unconnected_items]: Missing connection between items
    Local override; error
    @(145.9500 mm, 317.0000 mm): Pad D61 [P12V2] of J5_Conn0 on F.Cu
    @(145.0500 mm, 317.0000 mm): Pad D62 [P12V2] of J5_Conn0 on F.Cu
[unconnected_items]: Missing connection between items
    Local override; error
    @(145.9500 mm, 317.0000 mm): Pad D61 [P12V2] of J5_Conn0 on F.Cu
    @(146.8500 mm, 317.0000 mm): Pad D60 [P12V2] of J5_Conn0 on F.Cu
[unconnected_items]: Missing connection between items
    Local override; error
    @(145.9500 mm, 320.0000 mm): Pad F61 [P12V2] of J5_Conn0 on F.Cu
    @(146.8500 mm, 320.0000 mm): Pad F60 [P12V2] of J5_Conn0 on F.Cu
[unconnected_items]: Missing connection between items
    Local override; error
    @(146.1500 mm, 149.5000 mm): Pad C61 [P12V2] of J1_Conn0 on F.Cu
    @(147.0500 mm, 149.5000 mm): Pad C60 [P12V2] of J1_Conn0 on F.Cu
[unconnected_items]: Missing connection between items
    Local override; error
    @(146.1500 mm, 149.5000 mm): Pad C61 [P12V2] of J1_Conn0 on F.Cu
    @(145.9500 mm, 151.0000 mm): Pad D61 [P12V2] of J1_Conn0 on F.Cu
[unconnected_items]: Missing connection between items
    Local override; error
    @(146.1500 mm, 152.5000 mm): Pad E61 [P12V2] of J1_Conn0 on F.Cu
    @(147.0500 mm, 152.5000 mm): Pad E60 [P12V2] of J1_Conn0 on F.Cu
[unconnected_items]: Missing connection between items
    Local override; error
    @(146.1500 mm, 315.5000 mm): Pad C61 [P12V2] of J5_Conn0 on F.Cu
    @(147.0500 mm, 315.5000 mm): Pad C60 [P12V2] of J5_Conn0 on F.Cu
[unconnected_items]: Missing connection between items
    Local override; error
    @(146.1500 mm, 315.5000 mm): Pad C61 [P12V2] of J5_Conn0 on F.Cu
    @(144.8500 mm, 315.5000 mm): Pad C62 [P12V2] of J5_Conn0 on F.Cu
[unconnected_items]: Missing connection between items
    Local override; error
    @(146.1500 mm, 318.5000 mm): Pad E61 [P12V2] of J5_Conn0 on F.Cu
    @(144.8500 mm, 318.5000 mm): Pad E62 [P12V2] of J5_Conn0 on F.Cu
[unconnected_items]: Missing connection between items
    Local override; error
    @(146.8500 mm, 148.0000 mm): Pad B60 [P12V2] of J1_Conn0 on F.Cu
    @(145.9500 mm, 148.0000 mm): Pad B61 [P12V2] of J1_Conn0 on F.Cu
[unconnected_items]: Missing connection between items
    Local override; error
    @(146.8500 mm, 154.0000 mm): Pad F60 [P12V2] of J1_Conn0 on F.Cu
    @(145.9500 mm, 154.0000 mm): Pad F61 [P12V2] of J1_Conn0 on F.Cu
[unconnected_items]: Missing connection between items
    Local override; error
    @(146.8500 mm, 314.0000 mm): Pad B60 [P12V2] of J5_Conn0 on F.Cu
    @(145.9500 mm, 314.0000 mm): Pad B61 [P12V2] of J5_Conn0 on F.Cu
[unconnected_items]: Missing connection between items
    Local override; error
    @(146.8500 mm, 317.0000 mm): Pad D60 [P12V2] of J5_Conn0 on F.Cu
    @(148.1500 mm, 317.0000 mm): Pad D59 [P12V2] of J5_Conn0 on F.Cu
[unconnected_items]: Missing connection between items
    Local override; error
    @(146.8500 mm, 320.0000 mm): Pad F60 [P12V2] of J5_Conn0 on F.Cu
    @(148.1500 mm, 320.0000 mm): Pad F59 [P12V2] of J5_Conn0 on F.Cu
[unconnected_items]: Missing connection between items
    Local override; error
    @(147.0500 mm, 149.5000 mm): Pad C60 [P12V2] of J1_Conn0 on F.Cu
    @(147.9500 mm, 149.5000 mm): Pad C59 [P12V2] of J1_Conn0 on F.Cu
[unconnected_items]: Missing connection between items
    Local override; error
    @(147.0500 mm, 315.5000 mm): Pad C60 [P12V2] of J5_Conn0 on F.Cu
    @(147.9500 mm, 315.5000 mm): Pad C59 [P12V2] of J5_Conn0 on F.Cu
[unconnected_items]: Missing connection between items
    Local override; error
    @(147.0500 mm, 315.5000 mm): Pad C60 [P12V2] of J5_Conn0 on F.Cu
    @(146.8500 mm, 314.0000 mm): Pad B60 [P12V2] of J5_Conn0 on F.Cu
[unconnected_items]: Missing connection between items
    Local override; error
    @(147.0500 mm, 318.5000 mm): Pad E60 [P12V2] of J5_Conn0 on F.Cu
    @(146.1500 mm, 318.5000 mm): Pad E61 [P12V2] of J5_Conn0 on F.Cu
[unconnected_items]: Missing connection between items
    Local override; error
    @(147.9500 mm, 149.5000 mm): Pad C59 [P12V2] of J1_Conn0 on F.Cu
    @(148.1500 mm, 148.0000 mm): Pad B59 [P12V2] of J1_Conn0 on F.Cu
[unconnected_items]: Missing connection between items
    Local override; error
    @(147.9500 mm, 152.5000 mm): Pad E59 [P12V2] of J1_Conn0 on F.Cu
    @(147.0500 mm, 152.5000 mm): Pad E60 [P12V2] of J1_Conn0 on F.Cu
[unconnected_items]: Missing connection between items
    Local override; error
    @(147.9500 mm, 318.5000 mm): Pad E59 [P12V2] of J5_Conn0 on F.Cu
    @(147.0500 mm, 318.5000 mm): Pad E60 [P12V2] of J5_Conn0 on F.Cu
[unconnected_items]: Missing connection between items
    Local override; error
    @(148.1500 mm, 148.0000 mm): Pad B59 [P12V2] of J1_Conn0 on F.Cu
    @(146.8500 mm, 148.0000 mm): Pad B60 [P12V2] of J1_Conn0 on F.Cu
[unconnected_items]: Missing connection between items
    Local override; error
    @(148.1500 mm, 151.0000 mm): Pad D59 [P12V2] of J1_Conn0 on F.Cu
    @(146.8500 mm, 151.0000 mm): Pad D60 [P12V2] of J1_Conn0 on F.Cu
[unconnected_items]: Missing connection between items
    Local override; error
    @(148.1500 mm, 154.0000 mm): Pad F59 [P12V2] of J1_Conn0 on F.Cu
    @(146.8500 mm, 154.0000 mm): Pad F60 [P12V2] of J1_Conn0 on F.Cu
[unconnected_items]: Missing connection between items
    Local override; error
    @(148.1500 mm, 154.0000 mm): Pad F59 [P12V2] of J1_Conn0 on F.Cu
    @(245.8500 mm, 154.0000 mm): Pad F64 [P12V2] of J2_Conn0 on F.Cu
[unconnected_items]: Missing connection between items
    Local override; error
    @(148.1500 mm, 314.0000 mm): Pad B59 [P12V2] of J5_Conn0 on F.Cu
    @(146.8500 mm, 314.0000 mm): Pad B60 [P12V2] of J5_Conn0 on F.Cu
[unconnected_items]: Missing connection between items
    Local override; error
    @(148.1500 mm, 317.0000 mm): Pad D59 [P12V2] of J5_Conn0 on F.Cu
    @(147.9500 mm, 318.5000 mm): Pad E59 [P12V2] of J5_Conn0 on F.Cu
[unconnected_items]: Missing connection between items
    Local override; error
    @(245.8500 mm, 154.0000 mm): Pad F64 [P12V2] of J2_Conn0 on F.Cu
    @(247.1500 mm, 154.0000 mm): Pad F63 [P12V2] of J2_Conn0 on F.Cu
[unconnected_items]: Missing connection between items
    Local override; error
    @(245.8500 mm, 317.0000 mm): Pad D64 [P12V2] of J6_Conn0 on F.Cu
    @(247.1500 mm, 317.0000 mm): Pad D63 [P12V2] of J6_Conn0 on F.Cu
[unconnected_items]: Missing connection between items
    Local override; error
    @(245.8500 mm, 317.0000 mm): Pad D64 [P12V2] of J6_Conn0 on F.Cu
    @(148.1500 mm, 317.0000 mm): Pad D59 [P12V2] of J5_Conn0 on F.Cu
[unconnected_items]: Missing connection between items
    Local override; error
    @(245.8500 mm, 320.0000 mm): Pad F64 [P12V2] of J6_Conn0 on F.Cu
    @(247.1500 mm, 320.0000 mm): Pad F63 [P12V2] of J6_Conn0 on F.Cu
[unconnected_items]: Missing connection between items
    Local override; error
    @(246.9500 mm, 149.5000 mm): Pad C63 [P12V2] of J2_Conn0 on F.Cu
    @(246.0500 mm, 149.5000 mm): Pad C64 [P12V2] of J2_Conn0 on F.Cu
[unconnected_items]: Missing connection between items
    Local override; error
    @(246.9500 mm, 152.5000 mm): Pad E63 [P12V2] of J2_Conn0 on F.Cu
    @(247.8500 mm, 152.5000 mm): Pad E62 [P12V2] of J2_Conn0 on F.Cu
[unconnected_items]: Missing connection between items
    Local override; error
    @(246.9500 mm, 152.5000 mm): Pad E63 [P12V2] of J2_Conn0 on F.Cu
    @(246.0500 mm, 152.5000 mm): Pad E64 [P12V2] of J2_Conn0 on F.Cu
[unconnected_items]: Missing connection between items
    Local override; error
    @(246.9500 mm, 152.5000 mm): Pad E63 [P12V2] of J2_Conn0 on F.Cu
    @(247.1500 mm, 154.0000 mm): Pad F63 [P12V2] of J2_Conn0 on F.Cu
[unconnected_items]: Missing connection between items
    Local override; error
    @(246.9500 mm, 315.5000 mm): Pad C63 [P12V2] of J6_Conn0 on F.Cu
    @(247.8500 mm, 315.5000 mm): Pad C62 [P12V2] of J6_Conn0 on F.Cu
[unconnected_items]: Missing connection between items
    Local override; error
    @(246.9500 mm, 315.5000 mm): Pad C63 [P12V2] of J6_Conn0 on F.Cu
    @(246.0500 mm, 315.5000 mm): Pad C64 [P12V2] of J6_Conn0 on F.Cu
[unconnected_items]: Missing connection between items
    Local override; error
    @(246.9500 mm, 318.5000 mm): Pad E63 [P12V2] of J6_Conn0 on F.Cu
    @(246.0500 mm, 318.5000 mm): Pad E64 [P12V2] of J6_Conn0 on F.Cu
[unconnected_items]: Missing connection between items
    Local override; error
    @(247.1500 mm, 151.0000 mm): Pad D63 [P12V2] of J2_Conn0 on F.Cu
    @(248.0500 mm, 151.0000 mm): Pad D62 [P12V2] of J2_Conn0 on F.Cu
[unconnected_items]: Missing connection between items
    Local override; error
    @(247.1500 mm, 151.0000 mm): Pad D63 [P12V2] of J2_Conn0 on F.Cu
    @(245.8500 mm, 151.0000 mm): Pad D64 [P12V2] of J2_Conn0 on F.Cu
[unconnected_items]: Missing connection between items
    Local override; error
    @(247.1500 mm, 320.0000 mm): Pad F63 [P12V2] of J6_Conn0 on F.Cu
    @(248.0500 mm, 320.0000 mm): Pad F62 [P12V2] of J6_Conn0 on F.Cu
[unconnected_items]: Missing connection between items
    Local override; error
    @(247.8500 mm, 149.5000 mm): Pad C62 [P12V2] of J2_Conn0 on F.Cu
    @(246.9500 mm, 149.5000 mm): Pad C63 [P12V2] of J2_Conn0 on F.Cu
[unconnected_items]: Missing connection between items
    Local override; error
    @(247.8500 mm, 152.5000 mm): Pad E62 [P12V2] of J2_Conn0 on F.Cu
    @(248.0500 mm, 151.0000 mm): Pad D62 [P12V2] of J2_Conn0 on F.Cu
[unconnected_items]: Missing connection between items
    Local override; error
    @(247.8500 mm, 318.5000 mm): Pad E62 [P12V2] of J6_Conn0 on F.Cu
    @(246.9500 mm, 318.5000 mm): Pad E63 [P12V2] of J6_Conn0 on F.Cu
[unconnected_items]: Missing connection between items
    Local override; error
    @(247.8500 mm, 318.5000 mm): Pad E62 [P12V2] of J6_Conn0 on F.Cu
    @(249.1500 mm, 318.5000 mm): Pad E61 [P12V2] of J6_Conn0 on F.Cu
[unconnected_items]: Missing connection between items
    Local override; error
    @(248.0500 mm, 151.0000 mm): Pad D62 [P12V2] of J2_Conn0 on F.Cu
    @(247.8500 mm, 149.5000 mm): Pad C62 [P12V2] of J2_Conn0 on F.Cu
[unconnected_items]: Missing connection between items
    Local override; error
    @(248.0500 mm, 154.0000 mm): Pad F62 [P12V2] of J2_Conn0 on F.Cu
    @(247.1500 mm, 154.0000 mm): Pad F63 [P12V2] of J2_Conn0 on F.Cu
[unconnected_items]: Missing connection between items
    Local override; error
    @(248.0500 mm, 317.0000 mm): Pad D62 [P12V2] of J6_Conn0 on F.Cu
    @(247.1500 mm, 317.0000 mm): Pad D63 [P12V2] of J6_Conn0 on F.Cu
[unconnected_items]: Missing connection between items
    Local override; error
    @(248.0500 mm, 317.0000 mm): Pad D62 [P12V2] of J6_Conn0 on F.Cu
    @(248.9500 mm, 317.0000 mm): Pad D61 [P12V2] of J6_Conn0 on F.Cu
[unconnected_items]: Missing connection between items
    Local override; error
    @(248.0500 mm, 320.0000 mm): Pad F62 [P12V2] of J6_Conn0 on F.Cu
    @(248.9500 mm, 320.0000 mm): Pad F61 [P12V2] of J6_Conn0 on F.Cu
[unconnected_items]: Missing connection between items
    Local override; error
    @(248.9500 mm, 151.0000 mm): Pad D61 [P12V2] of J2_Conn0 on F.Cu
    @(248.0500 mm, 151.0000 mm): Pad D62 [P12V2] of J2_Conn0 on F.Cu
[unconnected_items]: Missing connection between items
    Local override; error
    @(248.9500 mm, 154.0000 mm): Pad F61 [P12V2] of J2_Conn0 on F.Cu
    @(248.0500 mm, 154.0000 mm): Pad F62 [P12V2] of J2_Conn0 on F.Cu
[unconnected_items]: Missing connection between items
    Local override; error
    @(248.9500 mm, 320.0000 mm): Pad F61 [P12V2] of J6_Conn0 on F.Cu
    @(249.8500 mm, 320.0000 mm): Pad F60 [P12V2] of J6_Conn0 on F.Cu
[unconnected_items]: Missing connection between items
    Local override; error
    @(249.1500 mm, 149.5000 mm): Pad C61 [P12V2] of J2_Conn0 on F.Cu
    @(247.8500 mm, 149.5000 mm): Pad C62 [P12V2] of J2_Conn0 on F.Cu
[unconnected_items]: Missing connection between items
    Local override; error
    @(249.1500 mm, 152.5000 mm): Pad E61 [P12V2] of J2_Conn0 on F.Cu
    @(247.8500 mm, 152.5000 mm): Pad E62 [P12V2] of J2_Conn0 on F.Cu
[unconnected_items]: Missing connection between items
    Local override; error
    @(249.1500 mm, 315.5000 mm): Pad C61 [P12V2] of J6_Conn0 on F.Cu
    @(247.8500 mm, 315.5000 mm): Pad C62 [P12V2] of J6_Conn0 on F.Cu
[unconnected_items]: Missing connection between items
    Local override; error
    @(249.8500 mm, 148.0000 mm): Pad B60 [P12V2] of J2_Conn0 on F.Cu
    @(248.9500 mm, 148.0000 mm): Pad B61 [P12V2] of J2_Conn0 on F.Cu
[unconnected_items]: Missing connection between items
    Local override; error
    @(249.8500 mm, 151.0000 mm): Pad D60 [P12V2] of J2_Conn0 on F.Cu
    @(248.9500 mm, 151.0000 mm): Pad D61 [P12V2] of J2_Conn0 on F.Cu
[unconnected_items]: Missing connection between items
    Local override; error
    @(249.8500 mm, 154.0000 mm): Pad F60 [P12V2] of J2_Conn0 on F.Cu
    @(248.9500 mm, 154.0000 mm): Pad F61 [P12V2] of J2_Conn0 on F.Cu
[unconnected_items]: Missing connection between items
    Local override; error
    @(249.8500 mm, 314.0000 mm): Pad B60 [P12V2] of J6_Conn0 on F.Cu
    @(248.9500 mm, 314.0000 mm): Pad B61 [P12V2] of J6_Conn0 on F.Cu
[unconnected_items]: Missing connection between items
    Local override; error
    @(249.8500 mm, 314.0000 mm): Pad B60 [P12V2] of J6_Conn0 on F.Cu
    @(251.1500 mm, 314.0000 mm): Pad B59 [P12V2] of J6_Conn0 on F.Cu
[unconnected_items]: Missing connection between items
    Local override; error
    @(249.8500 mm, 317.0000 mm): Pad D60 [P12V2] of J6_Conn0 on F.Cu
    @(248.9500 mm, 317.0000 mm): Pad D61 [P12V2] of J6_Conn0 on F.Cu
[unconnected_items]: Missing connection between items
    Local override; error
    @(249.8500 mm, 317.0000 mm): Pad D60 [P12V2] of J6_Conn0 on F.Cu
    @(251.1500 mm, 317.0000 mm): Pad D59 [P12V2] of J6_Conn0 on F.Cu
[unconnected_items]: Missing connection between items
    Local override; error
    @(249.8500 mm, 320.0000 mm): Pad F60 [P12V2] of J6_Conn0 on F.Cu
    @(251.1500 mm, 320.0000 mm): Pad F59 [P12V2] of J6_Conn0 on F.Cu
[unconnected_items]: Missing connection between items
    Local override; error
    @(250.0500 mm, 149.5000 mm): Pad C60 [P12V2] of J2_Conn0 on F.Cu
    @(249.1500 mm, 149.5000 mm): Pad C61 [P12V2] of J2_Conn0 on F.Cu
[unconnected_items]: Missing connection between items
    Local override; error
    @(250.0500 mm, 152.5000 mm): Pad E60 [P12V2] of J2_Conn0 on F.Cu
    @(249.1500 mm, 152.5000 mm): Pad E61 [P12V2] of J2_Conn0 on F.Cu
[unconnected_items]: Missing connection between items
    Local override; error
    @(250.0500 mm, 315.5000 mm): Pad C60 [P12V2] of J6_Conn0 on F.Cu
    @(249.1500 mm, 315.5000 mm): Pad C61 [P12V2] of J6_Conn0 on F.Cu
[unconnected_items]: Missing connection between items
    Local override; error
    @(250.0500 mm, 318.5000 mm): Pad E60 [P12V2] of J6_Conn0 on F.Cu
    @(250.9500 mm, 318.5000 mm): Pad E59 [P12V2] of J6_Conn0 on F.Cu
[unconnected_items]: Missing connection between items
    Local override; error
    @(250.0500 mm, 318.5000 mm): Pad E60 [P12V2] of J6_Conn0 on F.Cu
    @(249.1500 mm, 318.5000 mm): Pad E61 [P12V2] of J6_Conn0 on F.Cu
[unconnected_items]: Missing connection between items
    Local override; error
    @(250.9500 mm, 149.5000 mm): Pad C59 [P12V2] of J2_Conn0 on F.Cu
    @(250.0500 mm, 149.5000 mm): Pad C60 [P12V2] of J2_Conn0 on F.Cu
[unconnected_items]: Missing connection between items
    Local override; error
    @(250.9500 mm, 149.5000 mm): Pad C59 [P12V2] of J2_Conn0 on F.Cu
    @(251.1500 mm, 148.0000 mm): Pad B59 [P12V2] of J2_Conn0 on F.Cu
[unconnected_items]: Missing connection between items
    Local override; error
    @(250.9500 mm, 152.5000 mm): Pad E59 [P12V2] of J2_Conn0 on F.Cu
    @(250.0500 mm, 152.5000 mm): Pad E60 [P12V2] of J2_Conn0 on F.Cu
[unconnected_items]: Missing connection between items
    Local override; error
    @(250.9500 mm, 315.5000 mm): Pad C59 [P12V2] of J6_Conn0 on F.Cu
    @(250.0500 mm, 315.5000 mm): Pad C60 [P12V2] of J6_Conn0 on F.Cu
[unconnected_items]: Missing connection between items
    Local override; error
    @(250.9500 mm, 315.5000 mm): Pad C59 [P12V2] of J6_Conn0 on F.Cu
    @(251.1500 mm, 317.0000 mm): Pad D59 [P12V2] of J6_Conn0 on F.Cu
[unconnected_items]: Missing connection between items
    Local override; error
    @(250.9500 mm, 318.5000 mm): Pad E59 [P12V2] of J6_Conn0 on F.Cu
    @(251.1500 mm, 320.0000 mm): Pad F59 [P12V2] of J6_Conn0 on F.Cu
[unconnected_items]: Missing connection between items
    Local override; error
    @(251.1500 mm, 148.0000 mm): Pad B59 [P12V2] of J2_Conn0 on F.Cu
    @(249.8500 mm, 148.0000 mm): Pad B60 [P12V2] of J2_Conn0 on F.Cu
[unconnected_items]: Missing connection between items
    Local override; error
    @(251.1500 mm, 151.0000 mm): Pad D59 [P12V2] of J2_Conn0 on F.Cu
    @(249.8500 mm, 151.0000 mm): Pad D60 [P12V2] of J2_Conn0 on F.Cu
[unconnected_items]: Missing connection between items
    Local override; error
    @(251.1500 mm, 151.0000 mm): Pad D59 [P12V2] of J2_Conn0 on F.Cu
    @(348.8500 mm, 151.0000 mm): Pad D64 [P12V2] of J3_Conn0 on F.Cu
[unconnected_items]: Missing connection between items
    Local override; error
    @(251.1500 mm, 154.0000 mm): Pad F59 [P12V2] of J2_Conn0 on F.Cu
    @(249.8500 mm, 154.0000 mm): Pad F60 [P12V2] of J2_Conn0 on F.Cu
[unconnected_items]: Missing connection between items
    Local override; error
    @(251.1500 mm, 314.0000 mm): Pad B59 [P12V2] of J6_Conn0 on F.Cu
    @(250.9500 mm, 315.5000 mm): Pad C59 [P12V2] of J6_Conn0 on F.Cu
[unconnected_items]: Missing connection between items
    Local override; error
    @(251.1500 mm, 317.0000 mm): Pad D59 [P12V2] of J6_Conn0 on F.Cu
    @(250.9500 mm, 318.5000 mm): Pad E59 [P12V2] of J6_Conn0 on F.Cu
[unconnected_items]: Missing connection between items
    Local override; error
    @(348.8500 mm, 317.0000 mm): Pad D64 [P12V2] of J7_Conn0 on F.Cu
    @(350.1500 mm, 317.0000 mm): Pad D63 [P12V2] of J7_Conn0 on F.Cu
[unconnected_items]: Missing connection between items
    Local override; error
    @(348.8500 mm, 317.0000 mm): Pad D64 [P12V2] of J7_Conn0 on F.Cu
    @(251.1500 mm, 317.0000 mm): Pad D59 [P12V2] of J6_Conn0 on F.Cu
[unconnected_items]: Missing connection between items
    Local override; error
    @(348.8500 mm, 320.0000 mm): Pad F64 [P12V2] of J7_Conn0 on F.Cu
    @(350.1500 mm, 320.0000 mm): Pad F63 [P12V2] of J7_Conn0 on F.Cu
[unconnected_items]: Missing connection between items
    Local override; error
    @(349.0500 mm, 318.5000 mm): Pad E64 [P12V2] of J7_Conn0 on F.Cu
    @(348.8500 mm, 320.0000 mm): Pad F64 [P12V2] of J7_Conn0 on F.Cu
[unconnected_items]: Missing connection between items
    Local override; error
    @(349.9500 mm, 149.5000 mm): Pad C63 [P12V2] of J3_Conn0 on F.Cu
    @(349.0500 mm, 149.5000 mm): Pad C64 [P12V2] of J3_Conn0 on F.Cu
[unconnected_items]: Missing connection between items
    Local override; error
    @(349.9500 mm, 149.5000 mm): Pad C63 [P12V2] of J3_Conn0 on F.Cu
    @(350.8500 mm, 149.5000 mm): Pad C62 [P12V2] of J3_Conn0 on F.Cu
[unconnected_items]: Missing connection between items
    Local override; error
    @(349.9500 mm, 152.5000 mm): Pad E63 [P12V2] of J3_Conn0 on F.Cu
    @(350.8500 mm, 152.5000 mm): Pad E62 [P12V2] of J3_Conn0 on F.Cu
[unconnected_items]: Missing connection between items
    Local override; error
    @(349.9500 mm, 152.5000 mm): Pad E63 [P12V2] of J3_Conn0 on F.Cu
    @(349.0500 mm, 152.5000 mm): Pad E64 [P12V2] of J3_Conn0 on F.Cu
[unconnected_items]: Missing connection between items
    Local override; error
    @(349.9500 mm, 315.5000 mm): Pad C63 [P12V2] of J7_Conn0 on F.Cu
    @(349.0500 mm, 315.5000 mm): Pad C64 [P12V2] of J7_Conn0 on F.Cu
[unconnected_items]: Missing connection between items
    Local override; error
    @(349.9500 mm, 315.5000 mm): Pad C63 [P12V2] of J7_Conn0 on F.Cu
    @(350.8500 mm, 315.5000 mm): Pad C62 [P12V2] of J7_Conn0 on F.Cu
[unconnected_items]: Missing connection between items
    Local override; error
    @(349.9500 mm, 318.5000 mm): Pad E63 [P12V2] of J7_Conn0 on F.Cu
    @(349.0500 mm, 318.5000 mm): Pad E64 [P12V2] of J7_Conn0 on F.Cu
[unconnected_items]: Missing connection between items
    Local override; error
    @(350.1500 mm, 151.0000 mm): Pad D63 [P12V2] of J3_Conn0 on F.Cu
    @(348.8500 mm, 151.0000 mm): Pad D64 [P12V2] of J3_Conn0 on F.Cu
[unconnected_items]: Missing connection between items
    Local override; error
    @(350.1500 mm, 154.0000 mm): Pad F63 [P12V2] of J3_Conn0 on F.Cu
    @(348.8500 mm, 154.0000 mm): Pad F64 [P12V2] of J3_Conn0 on F.Cu
[unconnected_items]: Missing connection between items
    Local override; error
    @(350.1500 mm, 317.0000 mm): Pad D63 [P12V2] of J7_Conn0 on F.Cu
    @(351.0500 mm, 317.0000 mm): Pad D62 [P12V2] of J7_Conn0 on F.Cu
[unconnected_items]: Missing connection between items
    Local override; error
    @(350.1500 mm, 320.0000 mm): Pad F63 [P12V2] of J7_Conn0 on F.Cu
    @(351.0500 mm, 320.0000 mm): Pad F62 [P12V2] of J7_Conn0 on F.Cu
[unconnected_items]: Missing connection between items
    Local override; error
    @(350.8500 mm, 149.5000 mm): Pad C62 [P12V2] of J3_Conn0 on F.Cu
    @(352.1500 mm, 149.5000 mm): Pad C61 [P12V2] of J3_Conn0 on F.Cu
[unconnected_items]: Missing connection between items
    Local override; error
    @(350.8500 mm, 152.5000 mm): Pad E62 [P12V2] of J3_Conn0 on F.Cu
    @(352.1500 mm, 152.5000 mm): Pad E61 [P12V2] of J3_Conn0 on F.Cu
[unconnected_items]: Missing connection between items
    Local override; error
    @(350.8500 mm, 315.5000 mm): Pad C62 [P12V2] of J7_Conn0 on F.Cu
    @(352.1500 mm, 315.5000 mm): Pad C61 [P12V2] of J7_Conn0 on F.Cu
[unconnected_items]: Missing connection between items
    Local override; error
    @(350.8500 mm, 315.5000 mm): Pad C62 [P12V2] of J7_Conn0 on F.Cu
    @(351.0500 mm, 317.0000 mm): Pad D62 [P12V2] of J7_Conn0 on F.Cu
[unconnected_items]: Missing connection between items
    Local override; error
    @(350.8500 mm, 318.5000 mm): Pad E62 [P12V2] of J7_Conn0 on F.Cu
    @(349.9500 mm, 318.5000 mm): Pad E63 [P12V2] of J7_Conn0 on F.Cu
[unconnected_items]: Missing connection between items
    Local override; error
    @(350.8500 mm, 318.5000 mm): Pad E62 [P12V2] of J7_Conn0 on F.Cu
    @(352.1500 mm, 318.5000 mm): Pad E61 [P12V2] of J7_Conn0 on F.Cu
[unconnected_items]: Missing connection between items
    Local override; error
    @(350.8500 mm, 318.5000 mm): Pad E62 [P12V2] of J7_Conn0 on F.Cu
    @(351.0500 mm, 317.0000 mm): Pad D62 [P12V2] of J7_Conn0 on F.Cu
[unconnected_items]: Missing connection between items
    Local override; error
    @(351.0500 mm, 151.0000 mm): Pad D62 [P12V2] of J3_Conn0 on F.Cu
    @(350.1500 mm, 151.0000 mm): Pad D63 [P12V2] of J3_Conn0 on F.Cu
[unconnected_items]: Missing connection between items
    Local override; error
    @(351.0500 mm, 154.0000 mm): Pad F62 [P12V2] of J3_Conn0 on F.Cu
    @(350.1500 mm, 154.0000 mm): Pad F63 [P12V2] of J3_Conn0 on F.Cu
[unconnected_items]: Missing connection between items
    Local override; error
    @(351.0500 mm, 317.0000 mm): Pad D62 [P12V2] of J7_Conn0 on F.Cu
    @(351.9500 mm, 317.0000 mm): Pad D61 [P12V2] of J7_Conn0 on F.Cu
[unconnected_items]: Missing connection between items
    Local override; error
    @(351.0500 mm, 320.0000 mm): Pad F62 [P12V2] of J7_Conn0 on F.Cu
    @(351.9500 mm, 320.0000 mm): Pad F61 [P12V2] of J7_Conn0 on F.Cu
[unconnected_items]: Missing connection between items
    Local override; error
    @(351.9500 mm, 151.0000 mm): Pad D61 [P12V2] of J3_Conn0 on F.Cu
    @(351.0500 mm, 151.0000 mm): Pad D62 [P12V2] of J3_Conn0 on F.Cu
[unconnected_items]: Missing connection between items
    Local override; error
    @(351.9500 mm, 154.0000 mm): Pad F61 [P12V2] of J3_Conn0 on F.Cu
    @(351.0500 mm, 154.0000 mm): Pad F62 [P12V2] of J3_Conn0 on F.Cu
[unconnected_items]: Missing connection between items
    Local override; error
    @(351.9500 mm, 154.0000 mm): Pad F61 [P12V2] of J3_Conn0 on F.Cu
    @(352.8500 mm, 154.0000 mm): Pad F60 [P12V2] of J3_Conn0 on F.Cu
[unconnected_items]: Missing connection between items
    Local override; error
    @(351.9500 mm, 320.0000 mm): Pad F61 [P12V2] of J7_Conn0 on F.Cu
    @(352.8500 mm, 320.0000 mm): Pad F60 [P12V2] of J7_Conn0 on F.Cu
[unconnected_items]: Missing connection between items
    Local override; error
    @(352.1500 mm, 152.5000 mm): Pad E61 [P12V2] of J3_Conn0 on F.Cu
    @(353.0500 mm, 152.5000 mm): Pad E60 [P12V2] of J3_Conn0 on F.Cu
[unconnected_items]: Missing connection between items
    Local override; error
    @(352.1500 mm, 315.5000 mm): Pad C61 [P12V2] of J7_Conn0 on F.Cu
    @(351.9500 mm, 314.0000 mm): Pad B61 [P12V2] of J7_Conn0 on F.Cu
[unconnected_items]: Missing connection between items
    Local override; error
    @(352.1500 mm, 318.5000 mm): Pad E61 [P12V2] of J7_Conn0 on F.Cu
    @(353.0500 mm, 318.5000 mm): Pad E60 [P12V2] of J7_Conn0 on F.Cu
[unconnected_items]: Missing connection between items
    Local override; error
    @(352.8500 mm, 148.0000 mm): Pad B60 [P12V2] of J3_Conn0 on F.Cu
    @(351.9500 mm, 148.0000 mm): Pad B61 [P12V2] of J3_Conn0 on F.Cu
[unconnected_items]: Missing connection between items
    Local override; error
    @(352.8500 mm, 151.0000 mm): Pad D60 [P12V2] of J3_Conn0 on F.Cu
    @(351.9500 mm, 151.0000 mm): Pad D61 [P12V2] of J3_Conn0 on F.Cu
[unconnected_items]: Missing connection between items
    Local override; error
    @(352.8500 mm, 314.0000 mm): Pad B60 [P12V2] of J7_Conn0 on F.Cu
    @(351.9500 mm, 314.0000 mm): Pad B61 [P12V2] of J7_Conn0 on F.Cu
[unconnected_items]: Missing connection between items
    Local override; error
    @(352.8500 mm, 314.0000 mm): Pad B60 [P12V2] of J7_Conn0 on F.Cu
    @(354.1500 mm, 314.0000 mm): Pad B59 [P12V2] of J7_Conn0 on F.Cu
[unconnected_items]: Missing connection between items
    Local override; error
    @(352.8500 mm, 317.0000 mm): Pad D60 [P12V2] of J7_Conn0 on F.Cu
    @(351.9500 mm, 317.0000 mm): Pad D61 [P12V2] of J7_Conn0 on F.Cu
[unconnected_items]: Missing connection between items
    Local override; error
    @(352.8500 mm, 320.0000 mm): Pad F60 [P12V2] of J7_Conn0 on F.Cu
    @(354.1500 mm, 320.0000 mm): Pad F59 [P12V2] of J7_Conn0 on F.Cu
[unconnected_items]: Missing connection between items
    Local override; error
    @(353.0500 mm, 149.5000 mm): Pad C60 [P12V2] of J3_Conn0 on F.Cu
    @(353.9500 mm, 149.5000 mm): Pad C59 [P12V2] of J3_Conn0 on F.Cu
[unconnected_items]: Missing connection between items
    Local override; error
    @(353.0500 mm, 149.5000 mm): Pad C60 [P12V2] of J3_Conn0 on F.Cu
    @(352.1500 mm, 149.5000 mm): Pad C61 [P12V2] of J3_Conn0 on F.Cu
[unconnected_items]: Missing connection between items
    Local override; error
    @(353.0500 mm, 315.5000 mm): Pad C60 [P12V2] of J7_Conn0 on F.Cu
    @(352.1500 mm, 315.5000 mm): Pad C61 [P12V2] of J7_Conn0 on F.Cu
[unconnected_items]: Missing connection between items
    Local override; error
    @(353.0500 mm, 318.5000 mm): Pad E60 [P12V2] of J7_Conn0 on F.Cu
    @(353.9500 mm, 318.5000 mm): Pad E59 [P12V2] of J7_Conn0 on F.Cu
[unconnected_items]: Missing connection between items
    Local override; error
    @(353.9500 mm, 149.5000 mm): Pad C59 [P12V2] of J3_Conn0 on F.Cu
    @(354.1500 mm, 151.0000 mm): Pad D59 [P12V2] of J3_Conn0 on F.Cu
[unconnected_items]: Missing connection between items
    Local override; error
    @(353.9500 mm, 152.5000 mm): Pad E59 [P12V2] of J3_Conn0 on F.Cu
    @(353.0500 mm, 152.5000 mm): Pad E60 [P12V2] of J3_Conn0 on F.Cu
[unconnected_items]: Missing connection between items
    Local override; error
    @(353.9500 mm, 152.5000 mm): Pad E59 [P12V2] of J3_Conn0 on F.Cu
    @(354.1500 mm, 151.0000 mm): Pad D59 [P12V2] of J3_Conn0 on F.Cu
[unconnected_items]: Missing connection between items
    Local override; error
    @(353.9500 mm, 152.5000 mm): Pad E59 [P12V2] of J3_Conn0 on F.Cu
    @(354.1500 mm, 154.0000 mm): Pad F59 [P12V2] of J3_Conn0 on F.Cu
[unconnected_items]: Missing connection between items
    Local override; error
    @(353.9500 mm, 315.5000 mm): Pad C59 [P12V2] of J7_Conn0 on F.Cu
    @(353.0500 mm, 315.5000 mm): Pad C60 [P12V2] of J7_Conn0 on F.Cu
[unconnected_items]: Missing connection between items
    Local override; error
    @(354.1500 mm, 148.0000 mm): Pad B59 [P12V2] of J3_Conn0 on F.Cu
    @(352.8500 mm, 148.0000 mm): Pad B60 [P12V2] of J3_Conn0 on F.Cu
[unconnected_items]: Missing connection between items
    Local override; error
    @(354.1500 mm, 148.0000 mm): Pad B59 [P12V2] of J3_Conn0 on F.Cu
    @(353.9500 mm, 149.5000 mm): Pad C59 [P12V2] of J3_Conn0 on F.Cu
[unconnected_items]: Missing connection between items
    Local override; error
    @(354.1500 mm, 151.0000 mm): Pad D59 [P12V2] of J3_Conn0 on F.Cu
    @(352.8500 mm, 151.0000 mm): Pad D60 [P12V2] of J3_Conn0 on F.Cu
[unconnected_items]: Missing connection between items
    Local override; error
    @(354.1500 mm, 154.0000 mm): Pad F59 [P12V2] of J3_Conn0 on F.Cu
    @(352.8500 mm, 154.0000 mm): Pad F60 [P12V2] of J3_Conn0 on F.Cu
[unconnected_items]: Missing connection between items
    Local override; error
    @(354.1500 mm, 317.0000 mm): Pad D59 [P12V2] of J7_Conn0 on F.Cu
    @(352.8500 mm, 317.0000 mm): Pad D60 [P12V2] of J7_Conn0 on F.Cu
[unconnected_items]: Missing connection between items
    Local override; error
    @(2.0000 mm, 20.0000 mm): Zone [P3V3] on B.Cu, priority 50
    @(430.0000 mm, 358.0000 mm): Zone [P3V3] on F.Cu, priority 53
[unconnected_items]: Missing connection between items
    Local override; error
    @(55.7000 mm, 337.5000 mm): Pad K+ [P48V_STAR] of J_SB175 on F.Cu
    @(100.0000 mm, 333.8000 mm): Zone [P48V_STAR] on F.Cu, priority 20
[unconnected_items]: Missing connection between items
    Local override; error
    @(150.0500 mm, 333.8000 mm): Zone [P48V_STAR] on F.Cu, priority 21
    @(150.0500 mm, 167.3000 mm): Zone [P48V_STAR] on F.Cu, priority 17
[unconnected_items]: Missing connection between items
    Local override; error
    @(141.4500 mm, 155.6000 mm): Zone [P48V_S1] on F.Cu, priority 20
    @(155.4500 mm, 162.1000 mm): Zone [P48V_S1] on F.Cu, priority 21
[unconnected_items]: Missing connection between items
    Local override; error
    @(244.4500 mm, 155.6000 mm): Zone [P48V_S2] on F.Cu, priority 20
    @(258.4500 mm, 162.1000 mm): Zone [P48V_S2] on F.Cu, priority 21
[unconnected_items]: Missing connection between items
    Local override; error
    @(347.4500 mm, 155.6000 mm): Zone [P48V_S3] on F.Cu, priority 20
    @(361.4500 mm, 162.1000 mm): Zone [P48V_S3] on F.Cu, priority 21
[unconnected_items]: Missing connection between items
    Local override; error
    @(38.4500 mm, 321.6000 mm): Zone [P48V_S4] on F.Cu, priority 20
    @(105.4000 mm, 328.1000 mm): Zone [P48V_S4] on F.Cu, priority 21
[unconnected_items]: Missing connection between items
    Local override; error
    @(141.4500 mm, 321.6000 mm): Zone [P48V_S5] on F.Cu, priority 20
    @(155.4500 mm, 328.1000 mm): Zone [P48V_S5] on F.Cu, priority 21
[unconnected_items]: Missing connection between items
    Local override; error
    @(244.4500 mm, 321.6000 mm): Zone [P48V_S6] on F.Cu, priority 20
    @(258.4500 mm, 328.1000 mm): Zone [P48V_S6] on F.Cu, priority 21
[unconnected_items]: Missing connection between items
    Local override; error
    @(347.4500 mm, 321.6000 mm): Zone [P48V_S7] on F.Cu, priority 20
    @(361.4500 mm, 328.1000 mm): Zone [P48V_S7] on F.Cu, priority 21
[unconnected_items]: Missing connection between items
    Local override; error
    @(101.8500 mm, 155.5000 mm): Pad G2 [OAM0_PVREF] of J0_Conn0 on F.Cu
    @(103.1500 mm, 155.5000 mm): Pad G1 [OAM0_PVREF] of J0_Conn0 on F.Cu
[unconnected_items]: Missing connection between items
    Local override; error
    @(204.8500 mm, 155.5000 mm): Pad G2 [OAM1_PVREF] of J1_Conn0 on F.Cu
    @(206.1500 mm, 155.5000 mm): Pad G1 [OAM1_PVREF] of J1_Conn0 on F.Cu
[unconnected_items]: Missing connection between items
    Local override; error
    @(307.8500 mm, 155.5000 mm): Pad G2 [OAM2_PVREF] of J2_Conn0 on F.Cu
    @(309.1500 mm, 155.5000 mm): Pad G1 [OAM2_PVREF] of J2_Conn0 on F.Cu
[unconnected_items]: Missing connection between items
    Local override; error
    @(410.8500 mm, 155.5000 mm): Pad G2 [OAM3_PVREF] of J3_Conn0 on F.Cu
    @(412.1500 mm, 155.5000 mm): Pad G1 [OAM3_PVREF] of J3_Conn0 on F.Cu
[unconnected_items]: Missing connection between items
    Local override; error
    @(101.8500 mm, 321.5000 mm): Pad G2 [OAM4_PVREF] of J4_Conn0 on F.Cu
    @(103.1500 mm, 321.5000 mm): Pad G1 [OAM4_PVREF] of J4_Conn0 on F.Cu
[unconnected_items]: Missing connection between items
    Local override; error
    @(204.8500 mm, 321.5000 mm): Pad G2 [OAM5_PVREF] of J5_Conn0 on F.Cu
    @(206.1500 mm, 321.5000 mm): Pad G1 [OAM5_PVREF] of J5_Conn0 on F.Cu
[unconnected_items]: Missing connection between items
    Local override; error
    @(307.8500 mm, 321.5000 mm): Pad G2 [OAM6_PVREF] of J6_Conn0 on F.Cu
    @(309.1500 mm, 321.5000 mm): Pad G1 [OAM6_PVREF] of J6_Conn0 on F.Cu
[unconnected_items]: Missing connection between items
    Local override; error
    @(410.8500 mm, 321.5000 mm): Pad G2 [OAM7_PVREF] of J7_Conn0 on F.Cu
    @(412.1500 mm, 321.5000 mm): Pad G1 [OAM7_PVREF] of J7_Conn0 on F.Cu

** Found 0 Footprint errors **

** End of Report **
